Archive member included because of file (symbol)

c:/winarm/winarm/bin/../lib/gcc/arm-elf/4.1.1/../../../../arm-elf/lib/thumb/interwork\libc.a(strlen.o)
                              ./Src/main.o (strlen)
c:/winarm/winarm/bin/../lib/gcc/arm-elf/4.1.1/thumb/interwork\libgcc.a(_udivsi3.o)
                              ./Src/uart.o (__udivsi3)
c:/winarm/winarm/bin/../lib/gcc/arm-elf/4.1.1/thumb/interwork\libgcc.a(_dvmd_tls.o)
                              c:/winarm/winarm/bin/../lib/gcc/arm-elf/4.1.1/thumb/interwork\libgcc.a(_udivsi3.o) (__div0)

Allocating common symbols
Common symbol       size              file

local_time          0x20              ./Src/main.o
current_time        0x20              ./Src/main.o
UART0Buffer         0x10              ./Src/uart.o
UART0Status         0x4               ./Src/uart.o

Memory Configuration

Name             Origin             Length             Attributes
ROM              0x00000000         0x00080000         xr
RAM              0x40000000         0x00008000         rw
*default*        0x00000000         0xffffffff

Linker script and memory map

LOAD ./Src/Startup.o
LOAD ./Src/swi_handler.o
LOAD ./Src/irq.o
LOAD ./Src/target.o
LOAD ./Src/timer.o
LOAD ./Src/interrupt_utils.o
LOAD ./Src/uart.o
LOAD ./Src/rtc.o
LOAD ./Src/main.o
LOAD c:/winarm/winarm/bin/../lib/gcc/arm-elf/4.1.1/../../../../arm-elf/lib/thumb/interwork\libc.a
LOAD c:/winarm/winarm/bin/../lib/gcc/arm-elf/4.1.1/../../../../arm-elf/lib/thumb/interwork\libm.a
LOAD c:/winarm/winarm/bin/../lib/gcc/arm-elf/4.1.1/../../../../arm-elf/lib/thumb/interwork\libc.a
LOAD c:/winarm/winarm/bin/../lib/gcc/arm-elf/4.1.1/thumb/interwork\libgcc.a
START GROUP
LOAD c:/winarm/winarm/bin/../lib/gcc/arm-elf/4.1.1/thumb/interwork\libgcc.a
LOAD c:/winarm/winarm/bin/../lib/gcc/arm-elf/4.1.1/../../../../arm-elf/lib/thumb/interwork\libg.a
LOAD c:/winarm/winarm/bin/../lib/gcc/arm-elf/4.1.1/../../../../arm-elf/lib/thumb/interwork\libc.a
END GROUP

.text           0x00000000      0xcec
 *(.vectorg)
 .vectorg       0x00000000       0x98 ./Src/Startup.o
                0x00000050                __IRQ_Wrapper
 .vectorg       0x00000098       0xd0 ./Src/swi_handler.o
                0x00000098                SoftwareInterrupt
                0x00000168                . = ALIGN (0x4)
 *(.init)
 .init          0x00000168      0x168 ./Src/Startup.o
                0x00000294                __exit_THUMB
                0x00000168                __startup
                0x00000290                __exit_ARM
 *(.text .text.*)
 .text          0x000002d0        0x0 ./Src/Startup.o
 .text          0x000002d0       0x38 ./Src/swi_handler.o
                0x000002e0                IntGetCPSR
                0x00000300                FiqDisable
                0x000002d0                IntRestore
                0x000002f0                IntDisable
                0x000002d8                FiqRestore
                0x000002e8                IntEnable
                0x000002f8                FiqEnable
 .text          0x00000308      0x118 ./Src/irq.o
                0x0000035c                install_irq
                0x000003c0                uninstall_irq
                0x00000318                init_VIC
 .text          0x00000420       0x7c ./Src/target.o
                0x00000428                TargetInit
                0x00000424                FIQ_Exception
                0x0000042c                TargetResetInit
                0x00000420                IRQ_Exception
 .text          0x0000049c       0xfc ./Src/timer.o
                0x00000518                reset_timer
                0x00000548                init_timer
                0x000004d0                enable_timer
                0x000004f4                disable_timer
 .text          0x00000598       0x78 ./Src/interrupt_utils.o
                0x00000598                restoreIRQ
                0x000005e0                enableFIQ
                0x000005d0                disableFIQ
                0x00000600                enableIRQ
                0x000005b4                restoreFIQ
                0x000005f0                disableIRQ
 .text          0x00000610      0x1f8 ./Src/uart.o
                0x00000718                UARTSend
                0x00000790                UARTInit
                0x00000758                UART_DataSend
                0x00000610                UART0Handler
 .text          0x00000808      0x214 ./Src/rtc.o
                0x00000954                RTCSetAlarm
                0x000008f0                RTCSetTime
                0x000008a0                RTCStart
                0x00000808                RTCHandler
                0x00000a0c                RTCSetAlarmMask
                0x000008d8                RTC_CTCReset
                0x000009b8                RTCGetTime
                0x000008c0                RTCStop
                0x0000083c                RTCInit
 .text          0x00000a1c      0x1bc ./Src/main.o
                0x00000a1c                digitalWrite
                0x00000a5c                printPinState
                0x00000a90                main
                0x00000a44                printToSerial
 .text          0x00000bd8       0x10 c:/winarm/winarm/bin/../lib/gcc/arm-elf/4.1.1/../../../../arm-elf/lib/thumb/interwork\libc.a(strlen.o)
                0x00000bd8                strlen
 .text          0x00000be8       0x8c c:/winarm/winarm/bin/../lib/gcc/arm-elf/4.1.1/thumb/interwork\libgcc.a(_udivsi3.o)
                0x00000be8                __udivsi3
                0x00000be8                __aeabi_uidiv
                0x00000c64                __aeabi_uidivmod
 .text          0x00000c74        0x4 c:/winarm/winarm/bin/../lib/gcc/arm-elf/4.1.1/thumb/interwork\libgcc.a(_dvmd_tls.o)
                0x00000c74                __aeabi_ldiv0
                0x00000c74                __div0
                0x00000c74                __aeabi_idiv0
 *(.gnu.linkonce.t.*)
 *(.glue_7)
 .glue_7        0x00000c78        0x0 ./Src/Startup.o
 .glue_7        0x00000c78        0x0 ./Src/swi_handler.o
 .glue_7        0x00000c78        0x0 ./Src/irq.o
 .glue_7        0x00000c78        0x0 ./Src/target.o
 .glue_7        0x00000c78        0x0 ./Src/timer.o
 .glue_7        0x00000c78        0x0 ./Src/interrupt_utils.o
 .glue_7        0x00000c78        0x0 ./Src/uart.o
 .glue_7        0x00000c78        0x0 ./Src/rtc.o
 .glue_7        0x00000c78        0x0 ./Src/main.o
 .glue_7        0x00000c78        0x0 c:/winarm/winarm/bin/../lib/gcc/arm-elf/4.1.1/../../../../arm-elf/lib/thumb/interwork\libc.a(strlen.o)
 .glue_7        0x00000c78        0x0 c:/winarm/winarm/bin/../lib/gcc/arm-elf/4.1.1/thumb/interwork\libgcc.a(_udivsi3.o)
 .glue_7        0x00000c78        0xc c:/winarm/winarm/bin/../lib/gcc/arm-elf/4.1.1/thumb/interwork\libgcc.a(_dvmd_tls.o)
                0x00000c78                ____udivsi3_from_arm
 *(.glue_7t)
 .glue_7t       0x00000c84        0x0 ./Src/Startup.o
 .glue_7t       0x00000c84        0x0 ./Src/swi_handler.o
 .glue_7t       0x00000c84        0x0 ./Src/irq.o
 .glue_7t       0x00000c84        0x0 ./Src/target.o
 .glue_7t       0x00000c84        0x0 ./Src/timer.o
 .glue_7t       0x00000c84        0x0 ./Src/interrupt_utils.o
 .glue_7t       0x00000c84        0x0 ./Src/uart.o
 .glue_7t       0x00000c84        0x0 ./Src/rtc.o
 .glue_7t       0x00000c84        0x0 ./Src/main.o
 .glue_7t       0x00000c84        0x0 c:/winarm/winarm/bin/../lib/gcc/arm-elf/4.1.1/../../../../arm-elf/lib/thumb/interwork\libc.a(strlen.o)
 .glue_7t       0x00000c84        0x0 c:/winarm/winarm/bin/../lib/gcc/arm-elf/4.1.1/thumb/interwork\libgcc.a(_udivsi3.o)
 .glue_7t       0x00000c84       0x48 c:/winarm/winarm/bin/../lib/gcc/arm-elf/4.1.1/thumb/interwork\libgcc.a(_dvmd_tls.o)
                0x00000c88                __UART_DataSend_change_to_arm
                0x00000cb4                __RTCStart_from_thumb
                0x00000c84                __UART_DataSend_from_thumb
                0x00000cc8                __RTCGetTime_change_to_arm
                0x00000cac                __RTCSetTime_from_thumb
                0x00000ca8                __RTCInit_change_to_arm
                0x00000c98                __init_timer_change_to_arm
                0x00000c94                __init_timer_from_thumb
                0x00000ca0                __UARTInit_change_to_arm
                0x00000c90                __init_VIC_change_to_arm
                0x00000cc0                __enable_timer_change_to_arm
                0x00000c9c                __UARTInit_from_thumb
                0x00000cb0                __RTCSetTime_change_to_arm
                0x00000ca4                __RTCInit_from_thumb
                0x00000cbc                __enable_timer_from_thumb
                0x00000cb8                __RTCStart_change_to_arm
                0x00000c8c                __init_VIC_from_thumb
                0x00000cc4                __RTCGetTime_from_thumb
 *(.gcc_except_table)
 *(.rodata)
 *(.rodata*)
 .rodata.str1.4
                0x00000ccc       0x20 ./Src/main.o
 *(.gnu.linkonce.r.*)
                0x00000cec                . = ALIGN (0x4)
                0x00000cec                . = ALIGN (0x4)

.ctors          0x00000cec        0x0
                0x00000cec                PROVIDE (__ctors_start__, .)
 *(SORT(.ctors.*))
 *(.ctors)
                0x00000cec                . = ALIGN (0x4)
                0x00000cec                PROVIDE (__ctors_end__, .)
                0x00000cec                . = ALIGN (0x4)

.dtors          0x00000cec        0x0
                0x00000cec                PROVIDE (__dtors_start__, .)
 *(SORT(.dtors.*))
 *(.dtors)
                0x00000cec                . = ALIGN (0x4)
                0x00000cec                PROVIDE (__dtors_end__, .)
                0x00000cec                . = ALIGN (0x4)
                0x00000cec                . = ALIGN (0x4)
                0x00000cec                _etext = .
                0x00000cec                PROVIDE (etext, .)

.data           0x40000000       0x24 load address 0x00000cec
                0x40000000                _data = .
 *(.vectmapped)
                0x40000000                . = ALIGN (0x4)
 *(.fastrun)
                0x40000000                . = ALIGN (0x4)
                0x40000000                . = ALIGN (0x4)
 *(.data)
 .data          0x40000000        0x0 ./Src/Startup.o
 .data          0x40000000        0x0 ./Src/swi_handler.o
 .data          0x40000000        0x0 ./Src/irq.o
 .data          0x40000000        0x0 ./Src/target.o
 .data          0x40000000        0x0 ./Src/timer.o
 .data          0x40000000        0x0 ./Src/interrupt_utils.o
 .data          0x40000000        0x1 ./Src/uart.o
                0x40000000                UART0TxEmpty
 .data          0x40000001        0x0 ./Src/rtc.o
 *fill*         0x40000001        0x3 00
 .data          0x40000004       0x20 ./Src/main.o
 .data          0x40000024        0x0 c:/winarm/winarm/bin/../lib/gcc/arm-elf/4.1.1/../../../../arm-elf/lib/thumb/interwork\libc.a(strlen.o)
 .data          0x40000024        0x0 c:/winarm/winarm/bin/../lib/gcc/arm-elf/4.1.1/thumb/interwork\libgcc.a(_udivsi3.o)
 .data          0x40000024        0x0 c:/winarm/winarm/bin/../lib/gcc/arm-elf/4.1.1/thumb/interwork\libgcc.a(_dvmd_tls.o)
 *(.data.*)
 *(.gnu.linkonce.d*)
                0x40000024                . = ALIGN (0x4)
                0x40000024                . = ALIGN (0x4)
                0x40000024                _edata = .
                0x40000024                PROVIDE (edata, .)

.bss            0x40000024       0x64
                0x40000024                __bss_start = .
                0x40000024                __bss_start__ = .
 *(.bss)
 .bss           0x40000024        0x0 ./Src/Startup.o
 .bss           0x40000024        0x0 ./Src/swi_handler.o
 .bss           0x40000024        0x0 ./Src/irq.o
 .bss           0x40000024        0x0 ./Src/target.o
 .bss           0x40000024        0x4 ./Src/timer.o
                0x40000024                timer_counter
 .bss           0x40000028        0x0 ./Src/interrupt_utils.o
 .bss           0x40000028        0x4 ./Src/uart.o
                0x40000028                UART0Count
 .bss           0x4000002c        0x4 ./Src/rtc.o
                0x4000002c                alarm_on
 .bss           0x40000030        0x4 ./Src/main.o
                0x40000030                pinState
 .bss           0x40000034        0x0 c:/winarm/winarm/bin/../lib/gcc/arm-elf/4.1.1/../../../../arm-elf/lib/thumb/interwork\libc.a(strlen.o)
 .bss           0x40000034        0x0 c:/winarm/winarm/bin/../lib/gcc/arm-elf/4.1.1/thumb/interwork\libgcc.a(_udivsi3.o)
 .bss           0x40000034        0x0 c:/winarm/winarm/bin/../lib/gcc/arm-elf/4.1.1/thumb/interwork\libgcc.a(_dvmd_tls.o)
 *(.gnu.linkonce.b*)
 *(COMMON)
 COMMON         0x40000034       0x14 ./Src/uart.o
                0x40000034                UART0Buffer
                0x40000044                UART0Status
 COMMON         0x40000048       0x40 ./Src/main.o
                0x40000048                local_time
                0x40000068                current_time
                0x40000088                . = ALIGN (0x4)
                0x40000088                . = ALIGN (0x4)
                0x40000088                __bss_end__ = .
                0x40000088                PROVIDE (__bss_end, .)

.stack          0x40000100      0xc00
 *(.stack)
 .stack         0x40000100      0xc00 ./Src/Startup.o
                0x40000d00                PROVIDE (_stack, .)
                0x40000d00                . = ALIGN (0x4)
                0x40000d00                _end = .
                0x40000d00                PROVIDE (end, .)

.stab
 *(.stab)

.stabstr
 *(.stabstr)

.stab.excl
 *(.stab.excl)

.stab.exclstr
 *(.stab.exclstr)

.stab.index
 *(.stab.index)

.stab.indexstr
 *(.stab.indexstr)

.comment        0x00000000       0xd8
 *(.comment)
 .comment       0x00000000       0x1b ./Src/irq.o
 .comment       0x0000001b       0x1b ./Src/target.o
 .comment       0x00000036       0x1b ./Src/timer.o
 .comment       0x00000051       0x1b ./Src/interrupt_utils.o
 .comment       0x0000006c       0x1b ./Src/uart.o
 .comment       0x00000087       0x1b ./Src/rtc.o
 .comment       0x000000a2       0x1b ./Src/main.o
 .comment       0x000000bd       0x1b c:/winarm/winarm/bin/../lib/gcc/arm-elf/4.1.1/../../../../arm-elf/lib/thumb/interwork\libc.a(strlen.o)

.debug
 *(.debug)

.line
 *(.line)

.debug_srcinfo
 *(.debug_srcinfo)

.debug_sfnames
 *(.debug_sfnames)

.debug_aranges  0x00000000      0x170
 *(.debug_aranges)
 .debug_aranges
                0x00000000       0x28 ./Src/Startup.o
 .debug_aranges
                0x00000028       0x28 ./Src/swi_handler.o
 .debug_aranges
                0x00000050       0x20 ./Src/irq.o
 .debug_aranges
                0x00000070       0x20 ./Src/target.o
 .debug_aranges
                0x00000090       0x20 ./Src/timer.o
 .debug_aranges
                0x000000b0       0x20 ./Src/interrupt_utils.o
 .debug_aranges
                0x000000d0       0x20 ./Src/uart.o
 .debug_aranges
                0x000000f0       0x20 ./Src/rtc.o
 .debug_aranges
                0x00000110       0x20 ./Src/main.o
 .debug_aranges
                0x00000130       0x20 c:/winarm/winarm/bin/../lib/gcc/arm-elf/4.1.1/thumb/interwork\libgcc.a(_udivsi3.o)
 .debug_aranges
                0x00000150       0x20 c:/winarm/winarm/bin/../lib/gcc/arm-elf/4.1.1/thumb/interwork\libgcc.a(_dvmd_tls.o)

.debug_pubnames
                0x00000000      0x31c
 *(.debug_pubnames)
 .debug_pubnames
                0x00000000       0x41 ./Src/irq.o
 .debug_pubnames
                0x00000041       0x59 ./Src/target.o
 .debug_pubnames
                0x0000009a       0x66 ./Src/timer.o
 .debug_pubnames
                0x00000100       0x6a ./Src/interrupt_utils.o
 .debug_pubnames
                0x0000016a       0x8f ./Src/uart.o
 .debug_pubnames
                0x000001f9       0xa6 ./Src/rtc.o
 .debug_pubnames
                0x0000029f       0x7d ./Src/main.o

.debug_info     0x00000000      0xd14
 *(.debug_info .gnu.linkonce.wi.*)
 .debug_info    0x00000000       0x57 ./Src/Startup.o
 .debug_info    0x00000057       0x5b ./Src/swi_handler.o
 .debug_info    0x000000b2      0x141 ./Src/irq.o
 .debug_info    0x000001f3       0x8e ./Src/target.o
 .debug_info    0x00000281      0x118 ./Src/timer.o
 .debug_info    0x00000399      0x2d2 ./Src/interrupt_utils.o
 .debug_info    0x0000066b      0x1a8 ./Src/uart.o
 .debug_info    0x00000813      0x1e5 ./Src/rtc.o
 .debug_info    0x000009f8      0x234 ./Src/main.o
 .debug_info    0x00000c2c       0x74 c:/winarm/winarm/bin/../lib/gcc/arm-elf/4.1.1/thumb/interwork\libgcc.a(_udivsi3.o)
 .debug_info    0x00000ca0       0x74 c:/winarm/winarm/bin/../lib/gcc/arm-elf/4.1.1/thumb/interwork\libgcc.a(_dvmd_tls.o)

.debug_abbrev   0x00000000      0x587
 *(.debug_abbrev)
 .debug_abbrev  0x00000000       0x10 ./Src/Startup.o
 .debug_abbrev  0x00000010       0x10 ./Src/swi_handler.o
 .debug_abbrev  0x00000020       0xdd ./Src/irq.o
 .debug_abbrev  0x000000fd       0x34 ./Src/target.o
 .debug_abbrev  0x00000131       0xa3 ./Src/timer.o
 .debug_abbrev  0x000001d4       0xde ./Src/interrupt_utils.o
 .debug_abbrev  0x000002b2       0xe0 ./Src/uart.o
 .debug_abbrev  0x00000392       0xd8 ./Src/rtc.o
 .debug_abbrev  0x0000046a       0xf5 ./Src/main.o
 .debug_abbrev  0x0000055f       0x14 c:/winarm/winarm/bin/../lib/gcc/arm-elf/4.1.1/thumb/interwork\libgcc.a(_udivsi3.o)
 .debug_abbrev  0x00000573       0x14 c:/winarm/winarm/bin/../lib/gcc/arm-elf/4.1.1/thumb/interwork\libgcc.a(_dvmd_tls.o)

.debug_line     0x00000000      0x5da
 *(.debug_line)
 .debug_line    0x00000000       0xc1 ./Src/Startup.o
 .debug_line    0x000000c1       0x98 ./Src/swi_handler.o
 .debug_line    0x00000159       0x84 ./Src/irq.o
 .debug_line    0x000001dd       0x58 ./Src/target.o
 .debug_line    0x00000235       0x75 ./Src/timer.o
 .debug_line    0x000002aa       0x6c ./Src/interrupt_utils.o
 .debug_line    0x00000316       0x98 ./Src/uart.o
 .debug_line    0x000003ae       0xa6 ./Src/rtc.o
 .debug_line    0x00000454       0xb0 ./Src/main.o
 .debug_line    0x00000504       0x76 c:/winarm/winarm/bin/../lib/gcc/arm-elf/4.1.1/thumb/interwork\libgcc.a(_udivsi3.o)
 .debug_line    0x0000057a       0x60 c:/winarm/winarm/bin/../lib/gcc/arm-elf/4.1.1/thumb/interwork\libgcc.a(_dvmd_tls.o)

.debug_frame    0x00000000      0x354
 *(.debug_frame)
 .debug_frame   0x00000000       0x58 ./Src/irq.o
 .debug_frame   0x00000058       0x50 ./Src/target.o
 .debug_frame   0x000000a8       0x68 ./Src/timer.o
 .debug_frame   0x00000110       0x70 ./Src/interrupt_utils.o
 .debug_frame   0x00000180       0x6c ./Src/uart.o
 .debug_frame   0x000001ec       0xd0 ./Src/rtc.o
 .debug_frame   0x000002bc       0x70 ./Src/main.o
 .debug_frame   0x0000032c       0x28 c:/winarm/winarm/bin/../lib/gcc/arm-elf/4.1.1/thumb/interwork\libgcc.a(_udivsi3.o)

.debug_str      0x00000000      0x41e
 *(.debug_str)
 .debug_str     0x00000000       0xc2 ./Src/irq.o
                                 0xed (size before relaxing)
 .debug_str     0x000000c2       0x44 ./Src/target.o
                                 0xc2 (size before relaxing)
 .debug_str     0x00000106       0x70 ./Src/timer.o
                                 0xf4 (size before relaxing)
 .debug_str     0x00000176       0x7b ./Src/interrupt_utils.o
                                 0xde (size before relaxing)
 .debug_str     0x000001f1       0xad ./Src/uart.o
                                0x136 (size before relaxing)
 .debug_str     0x0000029e       0xcd ./Src/rtc.o
                                0x166 (size before relaxing)
 .debug_str     0x0000036b       0xb3 ./Src/main.o
                                0x1ae (size before relaxing)

.debug_loc      0x00000000      0x344
 *(.debug_loc)
 .debug_loc     0x00000000       0x5b ./Src/irq.o
 .debug_loc     0x0000005b       0x69 ./Src/timer.o
 .debug_loc     0x000000c4       0x72 ./Src/interrupt_utils.o
 .debug_loc     0x00000136       0xd5 ./Src/uart.o
 .debug_loc     0x0000020b       0x75 ./Src/rtc.o
 .debug_loc     0x00000280       0xc4 ./Src/main.o

.debug_macinfo
 *(.debug_macinfo)

.debug_weaknames
 *(.debug_weaknames)

.debug_funcnames
 *(.debug_funcnames)

.debug_typenames
 *(.debug_typenames)

.debug_varnames
 *(.debug_varnames)
OUTPUT(main.elf elf32-littlearm)

Cross Reference Table

Symbol                                            File
FIQ_Exception                                     ./Src/target.o
FiqDisable                                        ./Src/swi_handler.o
FiqEnable                                         ./Src/swi_handler.o
FiqRestore                                        ./Src/swi_handler.o
IRQ_Exception                                     ./Src/target.o
IntDisable                                        ./Src/swi_handler.o
IntEnable                                         ./Src/swi_handler.o
IntGetCPSR                                        ./Src/swi_handler.o
IntRestore                                        ./Src/swi_handler.o
RTCGetTime                                        ./Src/rtc.o
                                                  ./Src/main.o
RTCHandler                                        ./Src/rtc.o
RTCInit                                           ./Src/rtc.o
                                                  ./Src/main.o
RTCSetAlarm                                       ./Src/rtc.o
RTCSetAlarmMask                                   ./Src/rtc.o
RTCSetTime                                        ./Src/rtc.o
                                                  ./Src/main.o
RTCStart                                          ./Src/rtc.o
                                                  ./Src/main.o
RTCStop                                           ./Src/rtc.o
RTC_CTCReset                                      ./Src/rtc.o
SoftwareInterrupt                                 ./Src/swi_handler.o
                                                  ./Src/Startup.o
TargetInit                                        ./Src/target.o
TargetResetInit                                   ./Src/target.o
UART0Buffer                                       ./Src/uart.o
UART0Count                                        ./Src/uart.o
UART0Handler                                      ./Src/uart.o
UART0Status                                       ./Src/uart.o
UART0TxEmpty                                      ./Src/uart.o
UARTInit                                          ./Src/uart.o
                                                  ./Src/main.o
UARTSend                                          ./Src/uart.o
UART_DataSend                                     ./Src/uart.o
                                                  ./Src/main.o
__IRQ_Wrapper                                     ./Src/Startup.o
__RTCGetTime_change_to_arm                        c:/winarm/winarm/bin/../lib/gcc/arm-elf/4.1.1/thumb/interwork\libgcc.a(_dvmd_tls.o)
__RTCGetTime_from_thumb                           c:/winarm/winarm/bin/../lib/gcc/arm-elf/4.1.1/thumb/interwork\libgcc.a(_dvmd_tls.o)
__RTCInit_change_to_arm                           c:/winarm/winarm/bin/../lib/gcc/arm-elf/4.1.1/thumb/interwork\libgcc.a(_dvmd_tls.o)
__RTCInit_from_thumb                              c:/winarm/winarm/bin/../lib/gcc/arm-elf/4.1.1/thumb/interwork\libgcc.a(_dvmd_tls.o)
__RTCSetTime_change_to_arm                        c:/winarm/winarm/bin/../lib/gcc/arm-elf/4.1.1/thumb/interwork\libgcc.a(_dvmd_tls.o)
__RTCSetTime_from_thumb                           c:/winarm/winarm/bin/../lib/gcc/arm-elf/4.1.1/thumb/interwork\libgcc.a(_dvmd_tls.o)
__RTCStart_change_to_arm                          c:/winarm/winarm/bin/../lib/gcc/arm-elf/4.1.1/thumb/interwork\libgcc.a(_dvmd_tls.o)
__RTCStart_from_thumb                             c:/winarm/winarm/bin/../lib/gcc/arm-elf/4.1.1/thumb/interwork\libgcc.a(_dvmd_tls.o)
__UARTInit_change_to_arm                          c:/winarm/winarm/bin/../lib/gcc/arm-elf/4.1.1/thumb/interwork\libgcc.a(_dvmd_tls.o)
__UARTInit_from_thumb                             c:/winarm/winarm/bin/../lib/gcc/arm-elf/4.1.1/thumb/interwork\libgcc.a(_dvmd_tls.o)
__UART_DataSend_change_to_arm                     c:/winarm/winarm/bin/../lib/gcc/arm-elf/4.1.1/thumb/interwork\libgcc.a(_dvmd_tls.o)
__UART_DataSend_from_thumb                        c:/winarm/winarm/bin/../lib/gcc/arm-elf/4.1.1/thumb/interwork\libgcc.a(_dvmd_tls.o)
____udivsi3_from_arm                              c:/winarm/winarm/bin/../lib/gcc/arm-elf/4.1.1/thumb/interwork\libgcc.a(_dvmd_tls.o)
__aeabi_idiv0                                     c:/winarm/winarm/bin/../lib/gcc/arm-elf/4.1.1/thumb/interwork\libgcc.a(_dvmd_tls.o)
__aeabi_ldiv0                                     c:/winarm/winarm/bin/../lib/gcc/arm-elf/4.1.1/thumb/interwork\libgcc.a(_dvmd_tls.o)
__aeabi_uidiv                                     c:/winarm/winarm/bin/../lib/gcc/arm-elf/4.1.1/thumb/interwork\libgcc.a(_udivsi3.o)
__aeabi_uidivmod                                  c:/winarm/winarm/bin/../lib/gcc/arm-elf/4.1.1/thumb/interwork\libgcc.a(_udivsi3.o)
__bss_end__                                       ./Src/Startup.o
__bss_start__                                     ./Src/Startup.o
__ctors_end__                                     ./Src/Startup.o
__ctors_start__                                   ./Src/Startup.o
__div0                                            c:/winarm/winarm/bin/../lib/gcc/arm-elf/4.1.1/thumb/interwork\libgcc.a(_dvmd_tls.o)
                                                  c:/winarm/winarm/bin/../lib/gcc/arm-elf/4.1.1/thumb/interwork\libgcc.a(_udivsi3.o)
__enable_timer_change_to_arm                      c:/winarm/winarm/bin/../lib/gcc/arm-elf/4.1.1/thumb/interwork\libgcc.a(_dvmd_tls.o)
__enable_timer_from_thumb                         c:/winarm/winarm/bin/../lib/gcc/arm-elf/4.1.1/thumb/interwork\libgcc.a(_dvmd_tls.o)
__exit_ARM                                        ./Src/Startup.o
__exit_THUMB                                      ./Src/Startup.o
__init_VIC_change_to_arm                          c:/winarm/winarm/bin/../lib/gcc/arm-elf/4.1.1/thumb/interwork\libgcc.a(_dvmd_tls.o)
__init_VIC_from_thumb                             c:/winarm/winarm/bin/../lib/gcc/arm-elf/4.1.1/thumb/interwork\libgcc.a(_dvmd_tls.o)
__init_timer_change_to_arm                        c:/winarm/winarm/bin/../lib/gcc/arm-elf/4.1.1/thumb/interwork\libgcc.a(_dvmd_tls.o)
__init_timer_from_thumb                           c:/winarm/winarm/bin/../lib/gcc/arm-elf/4.1.1/thumb/interwork\libgcc.a(_dvmd_tls.o)
__startup                                         ./Src/Startup.o
__udivsi3                                         c:/winarm/winarm/bin/../lib/gcc/arm-elf/4.1.1/thumb/interwork\libgcc.a(_udivsi3.o)
                                                  ./Src/uart.o
_data                                             ./Src/Startup.o
_edata                                            ./Src/Startup.o
_etext                                            ./Src/Startup.o
alarm_on                                          ./Src/rtc.o
current_time                                      ./Src/main.o
digitalWrite                                      ./Src/main.o
disableFIQ                                        ./Src/interrupt_utils.o
disableIRQ                                        ./Src/interrupt_utils.o
disable_timer                                     ./Src/timer.o
enableFIQ                                         ./Src/interrupt_utils.o
enableIRQ                                         ./Src/interrupt_utils.o
enable_timer                                      ./Src/timer.o
                                                  ./Src/main.o
init_VIC                                          ./Src/irq.o
                                                  ./Src/main.o
init_timer                                        ./Src/timer.o
                                                  ./Src/main.o
install_irq                                       ./Src/irq.o
                                                  ./Src/uart.o
                                                  ./Src/timer.o
local_time                                        ./Src/main.o
main                                              ./Src/main.o
                                                  ./Src/Startup.o
pinState                                          ./Src/main.o
printPinState                                     ./Src/main.o
printToSerial                                     ./Src/main.o
reset_timer                                       ./Src/timer.o
restoreFIQ                                        ./Src/interrupt_utils.o
restoreIRQ                                        ./Src/interrupt_utils.o
strlen                                            c:/winarm/winarm/bin/../lib/gcc/arm-elf/4.1.1/../../../../arm-elf/lib/thumb/interwork\libc.a(strlen.o)
                                                  ./Src/main.o
timer_counter                                     ./Src/timer.o
                                                  ./Src/main.o
uninstall_irq                                     ./Src/irq.o
