Archive member included because of file (symbol)

c:/winarm/winarm/bin/../lib/gcc/arm-elf/4.1.1/../../../../arm-elf/lib/thumb/interwork\libc.a(strlen.o)
                              ./Src/main.o (strlen)
c:/winarm/winarm/bin/../lib/gcc/arm-elf/4.1.1/thumb/interwork\libgcc.a(_udivsi3.o)
                              ./Src/uart.o (__udivsi3)
c:/winarm/winarm/bin/../lib/gcc/arm-elf/4.1.1/thumb/interwork\libgcc.a(_dvmd_tls.o)
                              c:/winarm/winarm/bin/../lib/gcc/arm-elf/4.1.1/thumb/interwork\libgcc.a(_udivsi3.o) (__div0)

Allocating common symbols
Common symbol       size              file

UART0Buffer         0x10              ./Src/uart.o
UART0Status         0x4               ./Src/uart.o

Memory Configuration

Name             Origin             Length             Attributes
ROM              0x00000000         0x00080000         xr
RAM              0x40000000         0x00008000         rw
*default*        0x00000000         0xffffffff

Linker script and memory map

LOAD ./Src/Startup.o
LOAD ./Src/swi_handler.o
LOAD ./Src/irq.o
LOAD ./Src/target.o
LOAD ./Src/timer.o
LOAD ./Src/interrupt_utils.o
LOAD ./Src/uart.o
LOAD ./Src/main.o
LOAD c:/winarm/winarm/bin/../lib/gcc/arm-elf/4.1.1/../../../../arm-elf/lib/thumb/interwork\libc.a
LOAD c:/winarm/winarm/bin/../lib/gcc/arm-elf/4.1.1/../../../../arm-elf/lib/thumb/interwork\libm.a
LOAD c:/winarm/winarm/bin/../lib/gcc/arm-elf/4.1.1/../../../../arm-elf/lib/thumb/interwork\libc.a
LOAD c:/winarm/winarm/bin/../lib/gcc/arm-elf/4.1.1/thumb/interwork\libgcc.a
START GROUP
LOAD c:/winarm/winarm/bin/../lib/gcc/arm-elf/4.1.1/thumb/interwork\libgcc.a
LOAD c:/winarm/winarm/bin/../lib/gcc/arm-elf/4.1.1/../../../../arm-elf/lib/thumb/interwork\libg.a
LOAD c:/winarm/winarm/bin/../lib/gcc/arm-elf/4.1.1/../../../../arm-elf/lib/thumb/interwork\libc.a
END GROUP

.text           0x00000000      0x9a0
 *(.vectorg)
 .vectorg       0x00000000       0x98 ./Src/Startup.o
                0x00000050                __IRQ_Wrapper
 .vectorg       0x00000098       0xd0 ./Src/swi_handler.o
                0x00000098                SoftwareInterrupt
                0x00000168                . = ALIGN (0x4)
 *(.init)
 .init          0x00000168      0x168 ./Src/Startup.o
                0x00000294                __exit_THUMB
                0x00000168                __startup
                0x00000290                __exit_ARM
 *(.text .text.*)
 .text          0x000002d0        0x0 ./Src/Startup.o
 .text          0x000002d0       0x38 ./Src/swi_handler.o
                0x000002e0                IntGetCPSR
                0x00000300                FiqDisable
                0x000002d0                IntRestore
                0x000002f0                IntDisable
                0x000002d8                FiqRestore
                0x000002e8                IntEnable
                0x000002f8                FiqEnable
 .text          0x00000308      0x118 ./Src/irq.o
                0x0000035c                install_irq
                0x000003c0                uninstall_irq
                0x00000318                init_VIC
 .text          0x00000420       0x7c ./Src/target.o
                0x00000428                TargetInit
                0x00000424                FIQ_Exception
                0x0000042c                TargetResetInit
                0x00000420                IRQ_Exception
 .text          0x0000049c       0xfc ./Src/timer.o
                0x00000518                reset_timer
                0x00000548                init_timer
                0x000004d0                enable_timer
                0x000004f4                disable_timer
 .text          0x00000598       0x78 ./Src/interrupt_utils.o
                0x00000598                restoreIRQ
                0x000005e0                enableFIQ
                0x000005d0                disableFIQ
                0x00000600                enableIRQ
                0x000005b4                restoreFIQ
                0x000005f0                disableIRQ
 .text          0x00000610      0x1f8 ./Src/uart.o
                0x00000718                UARTSend
                0x00000790                UARTInit
                0x00000758                UART_DataSend
                0x00000610                UART0Handler
 .text          0x00000808       0xc4 ./Src/main.o
                0x00000808                digitalWrite
                0x00000830                printPinState
                0x00000864                main
 .text          0x000008cc       0x10 c:/winarm/winarm/bin/../lib/gcc/arm-elf/4.1.1/../../../../arm-elf/lib/thumb/interwork\libc.a(strlen.o)
                0x000008cc                strlen
 .text          0x000008dc       0x8c c:/winarm/winarm/bin/../lib/gcc/arm-elf/4.1.1/thumb/interwork\libgcc.a(_udivsi3.o)
                0x000008dc                __udivsi3
                0x000008dc                __aeabi_uidiv
                0x00000958                __aeabi_uidivmod
 .text          0x00000968        0x4 c:/winarm/winarm/bin/../lib/gcc/arm-elf/4.1.1/thumb/interwork\libgcc.a(_dvmd_tls.o)
                0x00000968                __aeabi_ldiv0
                0x00000968                __div0
                0x00000968                __aeabi_idiv0
 *(.gnu.linkonce.t.*)
 *(.glue_7)
 .glue_7        0x0000096c        0x0 ./Src/Startup.o
 .glue_7        0x0000096c        0x0 ./Src/swi_handler.o
 .glue_7        0x0000096c        0x0 ./Src/irq.o
 .glue_7        0x0000096c        0x0 ./Src/target.o
 .glue_7        0x0000096c        0x0 ./Src/timer.o
 .glue_7        0x0000096c        0x0 ./Src/interrupt_utils.o
 .glue_7        0x0000096c        0x0 ./Src/uart.o
 .glue_7        0x0000096c        0x0 ./Src/main.o
 .glue_7        0x0000096c        0x0 c:/winarm/winarm/bin/../lib/gcc/arm-elf/4.1.1/../../../../arm-elf/lib/thumb/interwork\libc.a(strlen.o)
 .glue_7        0x0000096c        0x0 c:/winarm/winarm/bin/../lib/gcc/arm-elf/4.1.1/thumb/interwork\libgcc.a(_udivsi3.o)
 .glue_7        0x0000096c        0xc c:/winarm/winarm/bin/../lib/gcc/arm-elf/4.1.1/thumb/interwork\libgcc.a(_dvmd_tls.o)
                0x0000096c                ____udivsi3_from_arm
 *(.glue_7t)
 .glue_7t       0x00000978        0x0 ./Src/Startup.o
 .glue_7t       0x00000978        0x0 ./Src/swi_handler.o
 .glue_7t       0x00000978        0x0 ./Src/irq.o
 .glue_7t       0x00000978        0x0 ./Src/target.o
 .glue_7t       0x00000978        0x0 ./Src/timer.o
 .glue_7t       0x00000978        0x0 ./Src/interrupt_utils.o
 .glue_7t       0x00000978        0x0 ./Src/uart.o
 .glue_7t       0x00000978        0x0 ./Src/main.o
 .glue_7t       0x00000978        0x0 c:/winarm/winarm/bin/../lib/gcc/arm-elf/4.1.1/../../../../arm-elf/lib/thumb/interwork\libc.a(strlen.o)
 .glue_7t       0x00000978        0x0 c:/winarm/winarm/bin/../lib/gcc/arm-elf/4.1.1/thumb/interwork\libgcc.a(_udivsi3.o)
 .glue_7t       0x00000978       0x28 c:/winarm/winarm/bin/../lib/gcc/arm-elf/4.1.1/thumb/interwork\libgcc.a(_dvmd_tls.o)
                0x0000097c                __UART_DataSend_change_to_arm
                0x00000978                __UART_DataSend_from_thumb
                0x0000098c                __init_timer_change_to_arm
                0x00000988                __init_timer_from_thumb
                0x00000994                __UARTInit_change_to_arm
                0x00000984                __init_VIC_change_to_arm
                0x0000099c                __enable_timer_change_to_arm
                0x00000990                __UARTInit_from_thumb
                0x00000998                __enable_timer_from_thumb
                0x00000980                __init_VIC_from_thumb
 *(.gcc_except_table)
 *(.rodata)
 *(.rodata*)
 *(.gnu.linkonce.r.*)
                0x000009a0                . = ALIGN (0x4)
                0x000009a0                . = ALIGN (0x4)

.ctors          0x000009a0        0x0
                0x000009a0                PROVIDE (__ctors_start__, .)
 *(SORT(.ctors.*))
 *(.ctors)
                0x000009a0                . = ALIGN (0x4)
                0x000009a0                PROVIDE (__ctors_end__, .)
                0x000009a0                . = ALIGN (0x4)

.dtors          0x000009a0        0x0
                0x000009a0                PROVIDE (__dtors_start__, .)
 *(SORT(.dtors.*))
 *(.dtors)
                0x000009a0                . = ALIGN (0x4)
                0x000009a0                PROVIDE (__dtors_end__, .)
                0x000009a0                . = ALIGN (0x4)
                0x000009a0                . = ALIGN (0x4)
                0x000009a0                _etext = .
                0x000009a0                PROVIDE (etext, .)

.data           0x40000000       0x24 load address 0x000009a0
                0x40000000                _data = .
 *(.vectmapped)
                0x40000000                . = ALIGN (0x4)
 *(.fastrun)
                0x40000000                . = ALIGN (0x4)
                0x40000000                . = ALIGN (0x4)
 *(.data)
 .data          0x40000000        0x0 ./Src/Startup.o
 .data          0x40000000        0x0 ./Src/swi_handler.o
 .data          0x40000000        0x0 ./Src/irq.o
 .data          0x40000000        0x0 ./Src/target.o
 .data          0x40000000        0x0 ./Src/timer.o
 .data          0x40000000        0x0 ./Src/interrupt_utils.o
 .data          0x40000000        0x1 ./Src/uart.o
                0x40000000                UART0TxEmpty
 *fill*         0x40000001        0x3 00
 .data          0x40000004       0x20 ./Src/main.o
 .data          0x40000024        0x0 c:/winarm/winarm/bin/../lib/gcc/arm-elf/4.1.1/../../../../arm-elf/lib/thumb/interwork\libc.a(strlen.o)
 .data          0x40000024        0x0 c:/winarm/winarm/bin/../lib/gcc/arm-elf/4.1.1/thumb/interwork\libgcc.a(_udivsi3.o)
 .data          0x40000024        0x0 c:/winarm/winarm/bin/../lib/gcc/arm-elf/4.1.1/thumb/interwork\libgcc.a(_dvmd_tls.o)
 *(.data.*)
 *(.gnu.linkonce.d*)
                0x40000024                . = ALIGN (0x4)
                0x40000024                . = ALIGN (0x4)
                0x40000024                _edata = .
                0x40000024                PROVIDE (edata, .)

.bss            0x40000024       0x20
                0x40000024                __bss_start = .
                0x40000024                __bss_start__ = .
 *(.bss)
 .bss           0x40000024        0x0 ./Src/Startup.o
 .bss           0x40000024        0x0 ./Src/swi_handler.o
 .bss           0x40000024        0x0 ./Src/irq.o
 .bss           0x40000024        0x0 ./Src/target.o
 .bss           0x40000024        0x4 ./Src/timer.o
                0x40000024                timer_counter
 .bss           0x40000028        0x0 ./Src/interrupt_utils.o
 .bss           0x40000028        0x4 ./Src/uart.o
                0x40000028                UART0Count
 .bss           0x4000002c        0x4 ./Src/main.o
                0x4000002c                pinState
 .bss           0x40000030        0x0 c:/winarm/winarm/bin/../lib/gcc/arm-elf/4.1.1/../../../../arm-elf/lib/thumb/interwork\libc.a(strlen.o)
 .bss           0x40000030        0x0 c:/winarm/winarm/bin/../lib/gcc/arm-elf/4.1.1/thumb/interwork\libgcc.a(_udivsi3.o)
 .bss           0x40000030        0x0 c:/winarm/winarm/bin/../lib/gcc/arm-elf/4.1.1/thumb/interwork\libgcc.a(_dvmd_tls.o)
 *(.gnu.linkonce.b*)
 *(COMMON)
 COMMON         0x40000030       0x14 ./Src/uart.o
                0x40000030                UART0Buffer
                0x40000040                UART0Status
                0x40000044                . = ALIGN (0x4)
                0x40000044                . = ALIGN (0x4)
                0x40000044                __bss_end__ = .
                0x40000044                PROVIDE (__bss_end, .)

.stack          0x40000100      0xc00
 *(.stack)
 .stack         0x40000100      0xc00 ./Src/Startup.o
                0x40000d00                PROVIDE (_stack, .)
                0x40000d00                . = ALIGN (0x4)
                0x40000d00                _end = .
                0x40000d00                PROVIDE (end, .)

.stab
 *(.stab)

.stabstr
 *(.stabstr)

.stab.excl
 *(.stab.excl)

.stab.exclstr
 *(.stab.exclstr)

.stab.index
 *(.stab.index)

.stab.indexstr
 *(.stab.indexstr)

.comment        0x00000000       0xbd
 *(.comment)
 .comment       0x00000000       0x1b ./Src/irq.o
 .comment       0x0000001b       0x1b ./Src/target.o
 .comment       0x00000036       0x1b ./Src/timer.o
 .comment       0x00000051       0x1b ./Src/interrupt_utils.o
 .comment       0x0000006c       0x1b ./Src/uart.o
 .comment       0x00000087       0x1b ./Src/main.o
 .comment       0x000000a2       0x1b c:/winarm/winarm/bin/../lib/gcc/arm-elf/4.1.1/../../../../arm-elf/lib/thumb/interwork\libc.a(strlen.o)

.debug
 *(.debug)

.line
 *(.line)

.debug_srcinfo
 *(.debug_srcinfo)

.debug_sfnames
 *(.debug_sfnames)

.debug_aranges  0x00000000      0x150
 *(.debug_aranges)
 .debug_aranges
                0x00000000       0x28 ./Src/Startup.o
 .debug_aranges
                0x00000028       0x28 ./Src/swi_handler.o
 .debug_aranges
                0x00000050       0x20 ./Src/irq.o
 .debug_aranges
                0x00000070       0x20 ./Src/target.o
 .debug_aranges
                0x00000090       0x20 ./Src/timer.o
 .debug_aranges
                0x000000b0       0x20 ./Src/interrupt_utils.o
 .debug_aranges
                0x000000d0       0x20 ./Src/uart.o
 .debug_aranges
                0x000000f0       0x20 ./Src/main.o
 .debug_aranges
                0x00000110       0x20 c:/winarm/winarm/bin/../lib/gcc/arm-elf/4.1.1/thumb/interwork\libgcc.a(_udivsi3.o)
 .debug_aranges
                0x00000130       0x20 c:/winarm/winarm/bin/../lib/gcc/arm-elf/4.1.1/thumb/interwork\libgcc.a(_dvmd_tls.o)

.debug_pubnames
                0x00000000      0x244
 *(.debug_pubnames)
 .debug_pubnames
                0x00000000       0x41 ./Src/irq.o
 .debug_pubnames
                0x00000041       0x59 ./Src/target.o
 .debug_pubnames
                0x0000009a       0x66 ./Src/timer.o
 .debug_pubnames
                0x00000100       0x6a ./Src/interrupt_utils.o
 .debug_pubnames
                0x0000016a       0x8f ./Src/uart.o
 .debug_pubnames
                0x000001f9       0x4b ./Src/main.o

.debug_info     0x00000000      0xa74
 *(.debug_info .gnu.linkonce.wi.*)
 .debug_info    0x00000000       0x62 ./Src/Startup.o
 .debug_info    0x00000062       0x66 ./Src/swi_handler.o
 .debug_info    0x000000c8      0x141 ./Src/irq.o
 .debug_info    0x00000209       0x8e ./Src/target.o
 .debug_info    0x00000297      0x118 ./Src/timer.o
 .debug_info    0x000003af      0x2d2 ./Src/interrupt_utils.o
 .debug_info    0x00000681      0x1a8 ./Src/uart.o
 .debug_info    0x00000829      0x163 ./Src/main.o
 .debug_info    0x0000098c       0x74 c:/winarm/winarm/bin/../lib/gcc/arm-elf/4.1.1/thumb/interwork\libgcc.a(_udivsi3.o)
 .debug_info    0x00000a00       0x74 c:/winarm/winarm/bin/../lib/gcc/arm-elf/4.1.1/thumb/interwork\libgcc.a(_dvmd_tls.o)

.debug_abbrev   0x00000000      0x493
 *(.debug_abbrev)
 .debug_abbrev  0x00000000       0x10 ./Src/Startup.o
 .debug_abbrev  0x00000010       0x10 ./Src/swi_handler.o
 .debug_abbrev  0x00000020       0xdd ./Src/irq.o
 .debug_abbrev  0x000000fd       0x34 ./Src/target.o
 .debug_abbrev  0x00000131       0xa3 ./Src/timer.o
 .debug_abbrev  0x000001d4       0xde ./Src/interrupt_utils.o
 .debug_abbrev  0x000002b2       0xe0 ./Src/uart.o
 .debug_abbrev  0x00000392       0xd9 ./Src/main.o
 .debug_abbrev  0x0000046b       0x14 c:/winarm/winarm/bin/../lib/gcc/arm-elf/4.1.1/thumb/interwork\libgcc.a(_udivsi3.o)
 .debug_abbrev  0x0000047f       0x14 c:/winarm/winarm/bin/../lib/gcc/arm-elf/4.1.1/thumb/interwork\libgcc.a(_dvmd_tls.o)

.debug_line     0x00000000      0x4fd
 *(.debug_line)
 .debug_line    0x00000000       0xc1 ./Src/Startup.o
 .debug_line    0x000000c1       0x98 ./Src/swi_handler.o
 .debug_line    0x00000159       0x84 ./Src/irq.o
 .debug_line    0x000001dd       0x58 ./Src/target.o
 .debug_line    0x00000235       0x75 ./Src/timer.o
 .debug_line    0x000002aa       0x6c ./Src/interrupt_utils.o
 .debug_line    0x00000316       0x98 ./Src/uart.o
 .debug_line    0x000003ae       0x79 ./Src/main.o
 .debug_line    0x00000427       0x76 c:/winarm/winarm/bin/../lib/gcc/arm-elf/4.1.1/thumb/interwork\libgcc.a(_udivsi3.o)
 .debug_line    0x0000049d       0x60 c:/winarm/winarm/bin/../lib/gcc/arm-elf/4.1.1/thumb/interwork\libgcc.a(_dvmd_tls.o)

.debug_frame    0x00000000      0x268
 *(.debug_frame)
 .debug_frame   0x00000000       0x58 ./Src/irq.o
 .debug_frame   0x00000058       0x50 ./Src/target.o
 .debug_frame   0x000000a8       0x68 ./Src/timer.o
 .debug_frame   0x00000110       0x70 ./Src/interrupt_utils.o
 .debug_frame   0x00000180       0x6c ./Src/uart.o
 .debug_frame   0x000001ec       0x54 ./Src/main.o
 .debug_frame   0x00000240       0x28 c:/winarm/winarm/bin/../lib/gcc/arm-elf/4.1.1/thumb/interwork\libgcc.a(_udivsi3.o)

.debug_str      0x00000000      0x336
 *(.debug_str)
 .debug_str     0x00000000       0xcd ./Src/irq.o
                                 0xf8 (size before relaxing)
 .debug_str     0x000000cd       0x44 ./Src/target.o
                                 0xcd (size before relaxing)
 .debug_str     0x00000111       0x70 ./Src/timer.o
                                 0xff (size before relaxing)
 .debug_str     0x00000181       0x7b ./Src/interrupt_utils.o
                                 0xe9 (size before relaxing)
 .debug_str     0x000001fc       0xad ./Src/uart.o
                                0x141 (size before relaxing)
 .debug_str     0x000002a9       0x8d ./Src/main.o
                                0x140 (size before relaxing)

.debug_loc      0x00000000      0x285
 *(.debug_loc)
 .debug_loc     0x00000000       0x5b ./Src/irq.o
 .debug_loc     0x0000005b       0x69 ./Src/timer.o
 .debug_loc     0x000000c4       0x72 ./Src/interrupt_utils.o
 .debug_loc     0x00000136       0xd5 ./Src/uart.o
 .debug_loc     0x0000020b       0x7a ./Src/main.o

.debug_macinfo
 *(.debug_macinfo)

.debug_weaknames
 *(.debug_weaknames)

.debug_funcnames
 *(.debug_funcnames)

.debug_typenames
 *(.debug_typenames)

.debug_varnames
 *(.debug_varnames)
OUTPUT(main.elf elf32-littlearm)

Cross Reference Table

Symbol                                            File
FIQ_Exception                                     ./Src/target.o
FiqDisable                                        ./Src/swi_handler.o
FiqEnable                                         ./Src/swi_handler.o
FiqRestore                                        ./Src/swi_handler.o
IRQ_Exception                                     ./Src/target.o
IntDisable                                        ./Src/swi_handler.o
IntEnable                                         ./Src/swi_handler.o
IntGetCPSR                                        ./Src/swi_handler.o
IntRestore                                        ./Src/swi_handler.o
SoftwareInterrupt                                 ./Src/swi_handler.o
                                                  ./Src/Startup.o
TargetInit                                        ./Src/target.o
TargetResetInit                                   ./Src/target.o
UART0Buffer                                       ./Src/uart.o
UART0Count                                        ./Src/uart.o
UART0Handler                                      ./Src/uart.o
UART0Status                                       ./Src/uart.o
UART0TxEmpty                                      ./Src/uart.o
UARTInit                                          ./Src/uart.o
                                                  ./Src/main.o
UARTSend                                          ./Src/uart.o
UART_DataSend                                     ./Src/uart.o
                                                  ./Src/main.o
__IRQ_Wrapper                                     ./Src/Startup.o
__UARTInit_change_to_arm                          c:/winarm/winarm/bin/../lib/gcc/arm-elf/4.1.1/thumb/interwork\libgcc.a(_dvmd_tls.o)
__UARTInit_from_thumb                             c:/winarm/winarm/bin/../lib/gcc/arm-elf/4.1.1/thumb/interwork\libgcc.a(_dvmd_tls.o)
__UART_DataSend_change_to_arm                     c:/winarm/winarm/bin/../lib/gcc/arm-elf/4.1.1/thumb/interwork\libgcc.a(_dvmd_tls.o)
__UART_DataSend_from_thumb                        c:/winarm/winarm/bin/../lib/gcc/arm-elf/4.1.1/thumb/interwork\libgcc.a(_dvmd_tls.o)
____udivsi3_from_arm                              c:/winarm/winarm/bin/../lib/gcc/arm-elf/4.1.1/thumb/interwork\libgcc.a(_dvmd_tls.o)
__aeabi_idiv0                                     c:/winarm/winarm/bin/../lib/gcc/arm-elf/4.1.1/thumb/interwork\libgcc.a(_dvmd_tls.o)
__aeabi_ldiv0                                     c:/winarm/winarm/bin/../lib/gcc/arm-elf/4.1.1/thumb/interwork\libgcc.a(_dvmd_tls.o)
__aeabi_uidiv                                     c:/winarm/winarm/bin/../lib/gcc/arm-elf/4.1.1/thumb/interwork\libgcc.a(_udivsi3.o)
__aeabi_uidivmod                                  c:/winarm/winarm/bin/../lib/gcc/arm-elf/4.1.1/thumb/interwork\libgcc.a(_udivsi3.o)
__bss_end__                                       ./Src/Startup.o
__bss_start__                                     ./Src/Startup.o
__ctors_end__                                     ./Src/Startup.o
__ctors_start__                                   ./Src/Startup.o
__div0                                            c:/winarm/winarm/bin/../lib/gcc/arm-elf/4.1.1/thumb/interwork\libgcc.a(_dvmd_tls.o)
                                                  c:/winarm/winarm/bin/../lib/gcc/arm-elf/4.1.1/thumb/interwork\libgcc.a(_udivsi3.o)
__enable_timer_change_to_arm                      c:/winarm/winarm/bin/../lib/gcc/arm-elf/4.1.1/thumb/interwork\libgcc.a(_dvmd_tls.o)
__enable_timer_from_thumb                         c:/winarm/winarm/bin/../lib/gcc/arm-elf/4.1.1/thumb/interwork\libgcc.a(_dvmd_tls.o)
__exit_ARM                                        ./Src/Startup.o
__exit_THUMB                                      ./Src/Startup.o
__init_VIC_change_to_arm                          c:/winarm/winarm/bin/../lib/gcc/arm-elf/4.1.1/thumb/interwork\libgcc.a(_dvmd_tls.o)
__init_VIC_from_thumb                             c:/winarm/winarm/bin/../lib/gcc/arm-elf/4.1.1/thumb/interwork\libgcc.a(_dvmd_tls.o)
__init_timer_change_to_arm                        c:/winarm/winarm/bin/../lib/gcc/arm-elf/4.1.1/thumb/interwork\libgcc.a(_dvmd_tls.o)
__init_timer_from_thumb                           c:/winarm/winarm/bin/../lib/gcc/arm-elf/4.1.1/thumb/interwork\libgcc.a(_dvmd_tls.o)
__startup                                         ./Src/Startup.o
__udivsi3                                         c:/winarm/winarm/bin/../lib/gcc/arm-elf/4.1.1/thumb/interwork\libgcc.a(_udivsi3.o)
                                                  ./Src/uart.o
_data                                             ./Src/Startup.o
_edata                                            ./Src/Startup.o
_etext                                            ./Src/Startup.o
digitalWrite                                      ./Src/main.o
disableFIQ                                        ./Src/interrupt_utils.o
disableIRQ                                        ./Src/interrupt_utils.o
disable_timer                                     ./Src/timer.o
enableFIQ                                         ./Src/interrupt_utils.o
enableIRQ                                         ./Src/interrupt_utils.o
enable_timer                                      ./Src/timer.o
                                                  ./Src/main.o
init_VIC                                          ./Src/irq.o
                                                  ./Src/main.o
init_timer                                        ./Src/timer.o
                                                  ./Src/main.o
install_irq                                       ./Src/irq.o
                                                  ./Src/uart.o
                                                  ./Src/timer.o
main                                              ./Src/main.o
                                                  ./Src/Startup.o
pinState                                          ./Src/main.o
printPinState                                     ./Src/main.o
reset_timer                                       ./Src/timer.o
restoreFIQ                                        ./Src/interrupt_utils.o
restoreIRQ                                        ./Src/interrupt_utils.o
strlen                                            c:/winarm/winarm/bin/../lib/gcc/arm-elf/4.1.1/../../../../arm-elf/lib/thumb/interwork\libc.a(strlen.o)
                                                  ./Src/main.o
timer_counter                                     ./Src/timer.o
                                                  ./Src/main.o
uninstall_irq                                     ./Src/irq.o
